tart user code[0m
[0;32mI (210) cpu_start: cpu freq:ï¿½ets Jun  8 2016 00:22:57

rst:0x1 (POWERON_RESET),boot:0x13 (SPI_FAST_FLASH_BOOT)
configsip: 0, SPIWP:0xee
clk_drv:0x00,q_drv:0x00,d_drv:0x00,cs0_drv:0x00,hd_drv:0x00,wp_drv:0x00
mode:DIO, clock div:2
load:0x3fff0030,len:7128
load:0x40078000,len:15624
load:0x40080400,len:4
load:0x40080404,len:3876
entry 0x4008064c
[0;32mI (29) boot: ESP-IDF v5.1.4-335-ge3c4c76b17 2nd stage bootloader[0m
[0;32mI (29) boot: compile time Aug  5 2024 17:40:05[0m
[0;32mI (30) boot: Multicore bootloader[0m
[0;32mI (34) boot: chip revision: v1.0[0m
[0;32mI (38) boot.esp32: SPI Speed      : 40MHz[0m
[0;32mI (43) boot.esp32: SPI Mode       : DIO[0m
[0;32mI (47) boot.esp32: SPI Flash Size : 4MB[0m
[0;32mI (52) boot: Enabling RNG early entropy source...[0m
[0;32mI (57) boot: Partition Table:[0m
[0;32mI (61) boot: ## Label            Usage          Type ST Offset   Length[0m
[0;32mI (68) boot:  0 nvs              WiFi data        01 02 00009000 00006000[0m
[0;32mI (75) boot:  1 phy_init         RF data          01 01 0000f000 00001000[0m
[0;32mI (83) boot:  2 factory          factory app      00 00 00010000 00100000[0m
[0;32mI (90) boot: End of partition table[0m
[0;32mI (95) esp_image: segment 0: paddr=00010020 vaddr=3f400020 size=09464h ( 37988) map[0m
[0;32mI (117) esp_image: segment 1: paddr=0001948c vaddr=3ffb0000 size=02118h (  8472) load[0m
[0;32mI (120) esp_image: segment 2: paddr=0001b5ac vaddr=40080000 size=04a6ch ( 19052) load[0m
[0;32mI (131) esp_image: segment 3: paddr=00020020 vaddr=400d0020 size=14358h ( 82776) map[0m
[0;32mI (161) esp_image: segment 4: paddr=00034380 vaddr=40084a6c size=07630h ( 30256) load[0m
[0;32mI (180) boot: Loaded app from partition at offset 0x10000[0m
[0;32mI (180) boot: Disabling RNG early entropy source...[0m
[0;32mI (191) cpu_start: Multicore app[0m
[0;32mI (192) cpu_start: Pro cpu up.[0m
[0;32mI (192) cpu_start: Starting app cpu, entry point is 0x400810f4[0m
[0;32mI (0) cpu_start: App cpu up.[0m
[0;32mI (210) cpu_start: Pro cpu start user code[0m
[0;32mI (210) cpu_start: cpu freq: 160000000 Hz[0m
[0;32mI (210) cpu_start: Application information:[0m
[0;32mI (215) cpu_start: Project name:     lsa-example-app[0m
[0;32mI (220) cpu_start: App version:      fb4a48e-dirty[0m
[0;32mI (226) cpu_start: Compile time:     Aug  5 2024 17:39:51[0m
[0;32mI (232) cpu_start: ELF file SHA256:  3a8266bc7ea7bdd0...[0m
[0;32mI (238) cpu_start: ESP-IDF:          v5.1.4-335-ge3c4c76b17[0m
[0;32mI (244) cpu_start: Min chip rev:     v0.0[0m
[0;32mI (249) cpu_start: Max chip rev:     v3.99 [0m
[0;32mI (254) cpu_start: Chip rev:         v1.0[0m
[0;32mI (258) heap_init: Initializing. RAM available for dynamic allocation:[0m
[0;32mI (266) heap_init: At 3FFAE6E0 len 00001920 (6 KiB): DRAM[0m
[0;32mI (272) heap_init: At 3FFB51A0 len 0002AE60 (171 KiB): DRAM[0m
[0;32mI (278) heap_init: At 3FFE0440 len 00003AE0 (14 KiB): D/IRAM[0m
[0;32mI (284) heap_init: At 3FFE4350 len 0001BCB0 (111 KiB): D/IRAM[0m
[0;32mI (291) heap_init: At 4008C09C len 00013F64 (79 KiB): IRAM[0m
[0;32mI (298) spi_flash: detected chip: generic[0m
[0;32mI (301) spi_flash: flash io: dio[0m
[0;33mW (305) ADC: legacy driver is deprecated, please migrate to `esp_adc/adc_oneshot.h`[0m
[0;32mI (314) app_start: Starting scheduler on CPU0[0m
[0;32mI (319) app_start: Starting scheduler on CPU1[0m
[0;32mI (319) main_task: Started on CPU0[0m
[0;32mI (329) main_task: Calling app_main()[0m
[0;32mI (329) main_task: Returned from app_main()[0m
START

assert failed: esp_adc_cal_raw_to_voltage esp_adc_cal_legacy.c:327 (chars != NULL)


Backtrace: 0x40081726:0x3ffb8ff0 0x400857ad:0x3ffb9010 0x4008ace5:0x3ffb9030 0x400d7e9a:0x3ffb9150 0x400d55b4:0x3ffb9170 0x40087c91:0x3ffb91a0




ELF file SHA256: 3a8266bc7ea7bdd0

Rebooting...
ets Jun  8 2016 00:22:57

rst:0xc (SW_CPU_RESET),boot:0x13 (SPI_FAST_FLASH_BOOT)
configsip: 0, SPIWP:0xee
clk_drv:0x00,q_drv:0x00,d_drv:0x00,cs0_drv:0x00,hd_drv:0x00,wp_drv:0x00
mode:DIO, clock div:2
load:0x3fff0030,len:7128
load:0x40078000,len:15624
load:0x40080400,len:4
load:0x40080404,len:3876
entry 0x4008064c
[0;32mI (29) boot: ESP-IDF v5.1.4-335-ge3c4c76b17 2nd stage bootloader[0m
[0;32mI (29) boot: compile time Aug  5 2024 17:40:05[0m
[0;32mI (31) boot: Multicore bootloader[0m
[0;32mI (35) boot: chip revision: v1.0[0m
[0;32mI (39) boot.esp32: SPI Speed      : 40MHz[0m
[0;32mI (43) boot.esp32: SPI Mode       : DIO[0m
[0;32mI (48) boot.esp32: SPI Flash Size : 4MB[0m
[0;32mI (52) boot: Enabling RNG early entropy source...[0m
[0;32mI (58) boot: Partition Table:[0m
[0;32mI (61) boot: ## Label            Usage          Type ST Offset   Length[0m
[0;32mI (69) boot:  0 nvs              WiFi data        01 02 00009000 00006000[0m
[0;32mI (76) boot:  1 phy_init         RF data          01 01 0000f000 00001000[0m
[0;32mI (83) boot:  2 factory          factory app      00 00 00010000 00100000[0m
[0;32mI (91) boot: End of partition table[0m
[0;32mI (95) esp_image: segment 0: paddr=00010020 vaddr=3f400020 size=09464h ( 37988) map[0m
[0;32mI (117) esp_image: segment 1: paddr=0001948c vaddr=3ffb0000 size=02118h (  8472) load[0m
[0;32mI (121) esp_image: segment 2: paddr=0001b5ac vaddr=40080000 size=04a6ch ( 19052) load[0m
[0;32mI (131) esp_image: segment 3: paddr=00020020 vaddr=400d0020 size=14358h ( 82776) map[0m
[0;32mI (162) esp_image: segment 4: paddr=00034380 vaddr=40084a6c size=07630h ( 30256) load[0m
[0;32mI (180) boot: Loaded app from partition at offset 0x10000[0m
[0;32mI (181) boot: Disabling RNG early entropy source...[0m
[0;32mI (192) cpu_start: Multicore app[0m
[0;32mI (192) cpu_start: Pro cpu up.[0m
[0;32mI (193) cpu_start: Starting app cpu, entry point is 0x400810f4[0m
[0;32mI (181) cpu_start: App cpu up.[0m
[0;32mI (210) cpu_start: Pro cpu start user code[0m
[0;32mI (211) cpu_start: cpu freq: 160000000 Hz[0m
[0;32mI (211) cpu_start: Application information:[0m
[0;32mI (215) cpu_start: Project name:     lsa-example-app[0m
[0;32mI (221) cpu_start: App version:      fb4a48e-dirty[0m
[0;32mI (226) cpu_start: Compile time:     Aug  5 2024 17:39:51[0m
[0;32mI (232) cpu_start: ELF file SHA256:  3a8266bc7ea7bdd0...[0m
[0;32mI (238) cpu_start: ESP-IDF:          v5.1.4-335-ge3c4c76b17[0m
[0;32mI (245) cpu_start: Min chip rev:     v0.0[0m
[0;32mI (249) cpu_start: Max chip rev:     v3.99 [0m
[0;32mI (254) cpu_start: Chip rev:         v1.0[0m
[0;32mI (259) heap_init: Initializing. RAM available for dynamic allocation:[0m
[0;32mI (266) heap_init: At 3FFAE6E0 len 00001920 (6 KiB): DRAM[0m
[0;32mI (272) heap_init: At 3FFB51A0 len 0002AE60 (171 KiB): DRAM[0m
[0;32mI (278) heap_init: At 3FFE0440 len 00003AE0 (14 KiB): D/IRAM[0m
[0;32mI (285) heap_init: At 3FFE4350 len 0001BCB0 (111 KiB): D/IRAM[0m
[0;32mI (291) heap_init: At 4008C09C len 00013F64 (79 KiB): IRAM[0m
[0;32mI (299) spi_flash: detected chip: generic[0m
[0;32mI (302) spi_flash: flash io: dio[0m
[0;33mW (306) ADC: legacy driver is deprecated, please migrate to `esp_adc/adc_oneshot.h`[0m
[0;32mI (315) app_start: Starting scheduler on CPU0[0m
[0;32mI (319) app_start: Starting scheduler on CPU1[0m
[0;32mI (319) main_task: Started on CPU0[0m
[0;32mI (329) main_task: Calling app_main()[0m
[0;32mI (329) main_task: Returned from app_main()[0m
START

assert failed: esp_adc_cal_raw_to_voltage esp_adc_cal_legacy.c:327 (chars != NULL)


Backtrace: 0x40081726:0x3ffb8ff0 0x400857ad:0x3ffb9010 0x4008ace5:0x3ffb9030 0x400d7e9a:0x3ffb9150 0x400d55b4:0x3ffb9170 0x40087c91:0x3ffb91a0




ELF file SHA256: 3a8266bc7ea7bdd0

Rebooting...
ets Jun  8 2016 00:22:57

rst:0xc (SW_CPU_RESET),boot:0x13 (SPI_FAST_FLASH_BOOT)
configsip: 0, SPIWP:0xee
clk_drv:0x00,q_drv:0x00,d_drv:0x00,cs0_drv:0x00,hd_drv:0x00,wp_drv:0x00
mode:DIO, clock div:2
load:0x3fff0030,len:7128
load:0x40078000,len:15624
load:0x40080400,len:4
load:0x40080404,len:3876
entry 0x4008064c
[0;32mI (29) boot: ESP-IDF v5.1.4-335-ge3c4c76b17 2nd stage bootloader[0m
[0;32mI (29) boot: compile time Aug  5 2024 17:40:05[0m
[0;32mI (31) boot: Multicore bootloader[0m
[0;32mI (35) boot: chip revision: v1.0[0m
[0;32mI (39) boot.esp32: SPI Speed      : 40MHz[0m
[0;32mI (43) boot.esp32: SPI Mode       : DIO[0m
[0;32mI (48) boot.esp32: SPI Flash Size : 4MB[0m
[0;32mI (52) boot: Enabling RNG early entropy source...[0m
[0;32mI (58) boot: Partition Table:[0m
[0;32mI (61) boot: ## Label            Usage          Type ST Offset   Length[0m
[0;32mI (69) boot:  0 nvs              WiFi data        01 02 00009000 00006000[0m
[0;32mI (76) boot:  1 phy_init         RF data          01 01 0000f000 00001000[0m
[0;32mI (83) boot:  2 factory          factory app      00 00 00010000 00100000[0m
[0;32mI (91) boot: End of partition table[0m
[0;32mI (95) esp_image: segment 0: paddr=00010020 vaddr=3f400020 size=09464h ( 37988) map[0m
[0;32mI (117) esp_image: segment 1: paddr=0001948c vaddr=3ffb0000 size=02118h (  8472) load[0m
[0;32mI (121) esp_image: segment 2: paddr=0001b5ac vaddr=40080000 size=04a6ch ( 19052) load[0m
[0;32mI (131) esp_image: segment 3: paddr=00020020 vaddr=400d0020 size=14358h ( 82776) map[0m
[0;32mI (162) esp_image: segment 4: paddr=00034380 vaddr=40084a6c size=07630h ( 30256) load[0m
[0;32mI (180) boot: Loaded app from partition at offset 0x10000[0m
[0;32mI (181) boot: Disabling RNG early entropy source...[0m
[0;32mI (192) cpu_start: Multicore app[0m
[0;32mI (192) cpu_start: Pro cpu up.[0m
[0;32mI (193) cpu_start: Starting app cpu, entry point is 0x400810f4[0m
[0;32mI (181) cpu_start: App cpu up.[0m
[0;32mI (210) cpu_start: Pro cpu start user code[0m
[0;32mI (211) cpu_start: cpu freq: 160000000 Hz[0m
[0;32mI (211) cpu_start: Application information:[0m
[0;32mI (215) cpu_start: Project name:     lsa-example-app[0m
[0;32mI (221) cpu_start: App version:      fb4a48e-dirty[0m
[0;32mI (226) cpu_start: Compile time:     Aug  5 2024 17:39:51[0m
[0;32mI (232) cpu_start: ELF file SHA256:  3a8266bc7ea7bdd0...[0m
[0;32mI (238) cpu_start: ESP-IDF:          v5.1.4-335-ge3c4c76b17[0m
[0;32mI (245) cpu_start: Min chip rev:     v0.0[0m
[0;32mI (249) cpu_start: Max chip rev:     v3.99 [0m
[0;32mI (254) cpu_start: Chip rev:         v1.0[0m
[0;32mI (259) heap_init: Initializing. RAM available for dynamic allocation:[0m
[0;32mI (266) heap_init: At 3FFAE6E0 len 00001920 (6 KiB): DRAM[0m
[0;32mI (272) heap_init: At 3FFB51A0 len 0002AE60 (171 KiB): DRAM[0m
[0;32mI (278) heap_init: At 3FFE0440 len 00003AE0 (14 KiB): D/IRAM[0m
[0;32mI (285) heap_init: At 3FFE4350 len 0001BCB0 (111 KiB): D/IRAM[0m
[0;32mI (291) heap_init: At 4008C09C len 00013F64 (79 KiB): IRAM[0m
[0;32mI (299) spi_flash: detected chip: generic[0m
[0;32mI (302) spi_flash: flash io: dio[0m
[0;33mW (306) ADC: legacy driver is deprecated, please migrate to `esp_adc/adc_oneshot.h`[0m
[0;32mI (315) app_start: Starting scheduler on CPU0[0m
[0;32mI (320) app_start: Starting scheduler on CPU1[0m
[0;32mI (320) main_task: Started on CPU0[0m
[0;32mI (330) main_task: Calling app_main()[0m
[0;32mI (330) main_task: Returned from app_main()[0m
START

assert failed: esp_adc_cal_raw_to_voltage esp_adc_cal_legacy.c:327 (chars != NULL)


Backtrace: 0x40081726:0x3ffb8ff0 0x400857ad:0x3ffb9010 0x4008ace5:0x3ffb9030 0x400d7e9a:0x3ffb9150 0x400d55b4:0x3ffb9170 0x40087c91:0x3ffb91a0




ELF file SHA256: 3a8266bc7ea7bdd0

Rebooting...
ets Jun  8 2016 00:22:57

rst:0xc (SW_CPU_RESET),boot:0x13 (SPI_FAST_FLASH_BOOT)
configsip: 0, SPIWP:0xee
clk_drv:0x00,q_drv:0x00,d_drv:0x00,cs0_drv:0x00,hd_drv:0x00,wp_drv:0x00
mode:DIO, clock div:2
load:0x3fff0030,len:7128
load:0x40078000,len:15624
load:0x40080400,len:4
load:0x40080404,len:3876
entry 0x4008064c
[0;32mI (29) boot: ESP-IDF v5.1.4-335-ge3c4c76b17 2nd stage bootloader[0m
[0;32mI (29) boot: compile time Aug  5 2024 17:40:05[0m
[0;32mI (31) boot: Multicore bootloader[0m
[0;32mI (35) boot: chip revision: v1.0[0m
[0;32mI (39) boot.esp32: SPI Speed      : 40MHz[0m
[0;32mI (43) boot.esp32: SPI Mode       : DIO[0m
[0;32mI (48) boot.esp32: SPI Flash Size : 4MB[0m
[0;32mI (52) boot: Enabling RNG early entropy source...[0m
[0;32mI (58) boot: Partition Table:[0m
[0;32mI (61) boot: ## Label            Usage          Type ST Offset   Length[0m
[0;32mI (69) boot:  0 nvs              WiFi data        01 02 00009000 00006000[0m
[0;32mI (76) boot:  1 phy_init         RF data          01 01 0000f000 00001000[0m
[0;32mI (83) boot:  2 factory          factory app      00 00 00010000 00100000[0m
[0;32mI (91) boot: End of partition table[0m
[0;32mI (95) esp_image: segment 0: paddr=00010020 vaddr=3f400020 size=09464h ( 37988) map[0m
[0;32mI (117) esp_image: segment 1: paddr=0001948c vaddr=3ffb0000 size=02118h (  8472) load[0m
[0;32mI (121) esp_image: segment 2: paddr=0001b5ac vaddr=40080000 size=04a6ch ( 19052) load[0m
[0;32mI (131) esp_image: segment 3: paddr=00020020 vaddr=400d0020 size=14358h ( 82776) map[0m
[0;32mI (162) esp_image: segment 4: paddr=00034380 vaddr=40084a6c size=07630h ( 30256) load[0m
[0;32mI (180) boot: Loaded app from partition at offset 0x10000[0m
[0;32mI (181) boot: Disabling RNG early entropy source...[0m
[0;32mI (192) cpu_start: Multicore app[0m
[0;32mI (192) cpu_start: Pro cpu up.[0m
[0;32mI (193) cpu_start: Starting app cpu, entry point is 0x400810f4[0m
[0;32mI (181) cpu_start: App cpu up.[0m
[0;32mI (210) cpu_start: Pro cpu start user code[0m
[0;32mI (211) cpu_start: cpu freq: 160000000 Hz[0m
[0;32mI (211) cpu_start: Application information:[0m
[0;32mI (215) cpu_start: Project name:     lsa-example-app[0m
[0;32mI (221) cpu_start: App version:      fb4a48e-dirty[0m
[0;32mI (226) cpu_start: Compile time:     Aug  5 2024 17:39:51[0m
[0;32mI (232) cpu_start: ELF file SHA256:  3a8266bc7ea7bdd0...[0m
[0;32mI (238) cpu_start: ESP-IDF:          v5.1.4-335-ge3c4c76b17[0m
[0;32mI (245) cpu_start: Min chip rev:     v0.0[0m
[0;32mI (249) cpu_start: Max chip rev:     v3.99 [0m
[0;32mI (254) cpu_start: Chip rev:         v1.0[0m
[0;32mI (259) heap_init: Initializing. RAM available for dynamic allocation:[0m
[0;32mI (266) heap_init: At 3FFAE6E0 len 00001920 (6 KiB): DRAM[0m
[0;32mI (272) heap_init: At 3FFB51A0 len 0002AE60 (171 KiB): DRAM[0m
[0;32mI (278) heap_init: At 3FFE0440 len 00003AE0 (14 KiB): D/IRAM[0m
[0;32mI (285) heap_init: At 3FFE4350 len 0001BCB0 (111 KiB): D/IRAM[0m
[0;32mI (291) heap_init: At 4008C09C len 00013F64 (79 KiB): IRAM[0m
[0;32mI (299) spi_flash: detected chip: generic[0m
[0;32mI (302) spi_flash: flash io: dio[0m
[0;33mW (306) ADC: legacy driver is deprecated, please migrate to `esp_adc/adc_oneshot.h`[0m
[0;32mI (315) app_start: Starting scheduler on CPU0[0m
[0;32mI (319) app_start: Starting scheduler on CPU1[0m
[0;32mI (319) main_task: Started on CPU0[0m
[0;32mI (329) main_task: Calling app_main()[0m
[0;32mI (329) main_task: Returned from app_main()[0m
START

assert failed: esp_adc_cal_raw_to_voltage esp_adc_cal_legacy.c:327 (chars != NULL)


Backtrace: 0x40081726:0x3ffb8ff0 0x400857ad:0x3ffb9010 0x4008ace5:0x3ffb9030 0x400d7e9a:0x3ffb9150 0x400d55b4:0x3ffb9170 0x40087c91:0x3ffb91a0




ELF file SHA256: 3a8266bc7ea7bdd0

Rebooting...
ets Jun  8 2016 00:22:57

rst:0xc (SW_CPU_RESET),boot:0x13 (SPI_FAST_FLASH_BOOT)
configsip: 0, SPIWP:0xee
clk_drv:0x00,q_drv:0x00,d_drv:0x00,cs0_drv:0x00,hd_drv:0x00,wp_drv:0x00
mode:DIO, clock div:2
load:0x3fff0030,len:7128
load:0x40078000,len:15624
load:0x40080400,len:4
load:0x40080404,len:3876
entry 0x4008064c
[0;32mI (29) boot: ESP-IDF v5.1.4-335-ge3c4c76b17 2nd stage bootloader[0m
[0;32mI (29) boot: compile time Aug  5 2024 17:40:05[0m
[0;32mI (31) boot: Multicore bootloader[0m
[0;32mI (35) boot: chip revision: v1.0[0m
[0;32mI (39) boot.esp32: SPI Speed      : 40MHz[0m
[0;32mI (43) boot.esp32: SPI Mode       : DIO[0m
[0;32mI (48) boot.esp32: SPI Flash Size : 4MB[0m
[0;32mI (52) boot: Enabling RNG early entropy source...[0m
[0;32mI (58) boot: Partition Table:[0m
[0;32mI (61) boot: ## Label            Usage          Type ST Offset   Length[0m
[0;32mI (69) boot:  0 nvs              WiFi data        01 02 00009000 00006000[0m
[0;32mI (76) boot:  1 phy_init         RF data          01 01 0000f000 00001000[0m
[0;32mI (83) boot:  2 factory          factory app      00 00 00010000 00100000[0m
[0;32mI (91) boot: End of partition table[0m
[0;32mI (95) esp_image: segment 0: paddr=00010020 vaddr=3f400020 size=09464h ( 37988) map[0m
[0;32mI (117) esp_image: segment 1: paddr=0001948c vaddr=3ffb0000 size=02118h (  8472) load[0m
[0;32mI (121) esp_image: segment 2: paddr=0001b5ac vaddr=40080000 size=04a6ch ( 19052) load[0m
[0;32mI (131) esp_image: segment 3: paddr=00020020 vaddr=400d0020 size=14358h ( 82776) map[0m
[0;32mI (162) esp_image: segment 4: paddr=00034380 vaddr=40084a6c size=07630h ( 30256) load[0m
[0;32mI (180) boot: Loaded app from partition at offset 0x10000[0m
[0;32mI (181) boot: Disabling RNG early entropy source...[0m
[0;32mI (192) cpu_start: Multicore app[0m
[0;32mI (192) cpu_start: Pro cpu up.[0m
[0;32mI (193) cpu_start: Starting app cpu, entry point is 0x400810f4[0m
[0;32mI (181) cpu_start: App cpu up.[0m
[0;32mI (210) cpu_start: Pro cpu start user code[0m
[0;32mI (211) cpu_start: cpu freq: 160000000 Hz[0m
[0;32mI (211) cpu_start: Application information:[0m
[0;32mI (215) cpu_start: Project name:     lsa-example-app[0m
[0;32mI (221) cpu_start: App version:      fb4a48e-dirty[0m
[0;32mI (226) cpu_start: Compile time:     Aug  5 2024 17:39:51[0m
[0;32mI (232) cpu_start: ELF file SHA256:  3a8266bc7ea7bdd0...[0m
[0;32mI (238) cpu_start: ESP-IDF:          v5.1.4-335-ge3c4c76b17[0m
[0;32mI (245) cpu_start: Min chip rev:     v0.0[0m
[0;32mI (249) cpu_start: Max chip rev:     v3.99 [0m
[0;32mI (254) cpu_start: Chip rev:         v1.0[0m
[0;32mI (259) heap_init: Initializing. RAM available for dynamic allocation:[0m
[0;32mI (266) heap_init: At 3FFAE6E0 len 00001920 (6 KiB): DRAM[0m
[0;32mI (272) heap_init: At 3FFB51A0 len 0002AE60 (171 KiB): DRAM[0m
[0;32mI (278) heap_init: At 3FFE0440 len 00003AE0 (14 KiB): D/IRAM[0m
[0;32mI (285) heap_init: At 3FFE4350 len 0001BCB0 (111 KiB): D/IRAM[0m
[0;32mI (291) heap_init: At 4008C09C len 00013F64 (79 KiB): IRAM[0m
[0;32mI (299) spi_flash: detected chip: generic[0m
[0;32mI (302) spi_flash: flash io: dio[0m
[0;33mW (306) ADC: legacy driver is deprecated, please migrate to `esp_adc/adc_oneshot.h`[0m
[0;32mI (315) app_start: Starting scheduler on CPU0[0m
[0;32mI (319) app_start: Starting scheduler on CPU1[0m
[0;32mI (319) main_task: Started on CPU0[0m
[0;32mI (329) main_task: Calling app_main()[0m
[0;32mI (329) main_task: Returned from app_main()[0m
START

assert failed: esp_adc_cal_raw_to_voltage esp_adc_cal_legacy.c:327 (chars != NULL)


Backtrace: 0x40081726:0x3ffb8ff0 0x400857ad:0x3ffb9010 0x4008ace5:0x3ffb9030 0x400d7e9a:0x3ffb9150 0x400d55b4:0x3ffb9170 0x40087c91:0x3ffb91a0




ELF file SHA256: 3a8266bc7ea7bdd0

Rebooting...
ets Jun  8 2016 00:22:57

rst:0xc (SW_CPU_RESET),boot:0x13 (SPI_FAST_FLASH_BOOT)
configsip: 0, SPIWP:0xee
clk_drv:0x00,q_drv:0x00,d_drv:0x00,cs0_drv:0x00,hd_drv:0x00,wp_drv:0x00
mode:DIO, clock div:2
load:0x3fff0030,len:7128
load:0x40078000,len:15624
load:0x40080400,len:4
load:0x40080404,len:3876
entry 0x4008064c
[0;32mI (29) boot: ESP-IDF v5.1.4-335-ge3c4c76b17 2nd stage bootloader[0m
[0;32mI (29) boot: compile time Aug  5 2024 17:40:05[0m
[0;32mI (31) boot: Multicore bootloader[0m
[0;32mI (35) boot: chip revision: v1.0[0m
[0;32mI (39) boot.esp32: SPI Speed      : 40MHz[0m
[0;32mI (43) boot.esp32: SPI Mode       : DIO[0m
[0;32mI (48) boot.esp32: SPI Flash Size : 4MB[0m
[0;32mI (52) boot: Enabling RNG early entropy source...[0m
[0;32mI (58) boot: Partition Table:[0m
[0;32mI (61) boot: ## Label            Usage          Type ST Offset   Length[0m
[0;32mI (69) boot:  0 nvs              WiFi data        01 02 00009000 00006000[0m
[0;32mI (76) boot:  1 phy_init         RF data          01 01 0000f000 00001000[0m
[0;32mI (83) boot:  2 factory          factory app      00 00 00010000 00100000[0m
[0;32mI (91) boot: End of partition table[0m
[0;32mI (95) esp_image: segment 0: paddr=00010020 vaddr=3f400020 size=09464h ( 37988) map[0m
[0;32mI (117) esp_image: segment 1: paddr=0001948c vaddr=3ffb0000 size=02118h (  8472) load[0m
[0;32mI (121) esp_image: segment 2: paddr=0001b5ac vaddr=40080000 size=04a6ch ( 19052) load[0m
[0;32mI (131) esp_image: segment 3: paddr=00020020 vaddr=400d0020 size=14358h ( 82776) map[0m
[0;32mI (162) esp_image: segment 4: paddr=00034380 vaddr=40084a6c size=07630h ( 30256) load[0m
[0;32mI (180) boot: Loaded app from partition at offset 0x10000[0m
[0;32mI (181) boot: Disabling RNG early entropy source...[0m
[0;32mI (192) cpu_start: Multicore app[0m
[0;32mI (192) cpu_start: Pro cpu up.[0m
[0;32mI (193) cpu_start: Starting app cpu, entry point is 0x400810f4[0m
[0;32mI (181) cpu_start: App cpu up.[0m
[0;32mI (210) cpu_start: Pro cpu start user code[0m
[0;32mI (211) cpu_start: cpu freq: 160000000 Hz[0m
[0;32mI (211) cpu_start: Application information:[0m
[0;32mI (215) cpu_start: Project name:     lsa-example-app[0m
[0;32mI (221) cpu_start: App version:      fb4a48e-dirty[0m
[0;32mI (226) cpu_start: Compile time:     Aug  5 2024 17:39:51[0m
[0;32mI (232) cpu_start: ELF file SHA256:  3a8266bc7ea7bdd0...[0m
[0;32mI (238) cpu_start: ESP-IDF:          v5.1.4-335-ge3c4c76b17[0m
[0;32mI (245) cpu_start: Min chip rev:     v0.0[0m
[0;32mI (249) cpu_start: Max chip rev:     v3.99 [0m
[0;32mI (254) cpu_start: Chip rev:         v1.0[0m
[0;32mI (259) heap_init: Initializing. RAM available for dynamic allocation:[0m
[0;32mI (266) heap_init: At 3FFAE6E0 len 00001920 (6 KiB): DRAM[0m
[0;32mI (272) heap_init: At 3FFB51A0 len 0002AE60 (171 KiB): DRAM[0m
[0;32mI (278) heap_init: At 3FFE0440 len 00003AE0 (14 KiB): D/IRAM[0m
[0;32mI (285) heap_init: At 3FFE4350 len 0001BCB0 (111 KiB): D/IRAM[0m
[0;32mI (291) heap_init: At 4008C09C len 00013F64 (79 KiB): IRAM[0m
[0;32mI (299) spi_flash: detected chip: generic[0m
[0;32mI (302) spi_flash: flash io: dio[0m
[0;33mW (306) ADC: legacy driver is deprecated, please migrate to `esp_adc/adc_oneshot.h`[0m
[0;32mI (315) app_start: Starting scheduler on CPU0[0m
[0;32mI (319) app_start: Starting scheduler on CPU1[0m
[0;32mI (319) main_task: Started on CPU0[0m
[0;32mI (329) main_task: Calling app_main()[0m
[0;32mI (329) main_task: Returned from app_main()[0m
START

assert failed: esp_adc_cal_raw_to_voltage esp_adc_cal_legacy.c:327 (chars != NULL)


Backtrace: 0x40081726:0x3ffb8ff0 0x400857ad:0x3ffb9010 0x4008ace5:0x3ffb9030 0x400d7e9a:0x3ffb9150 0x400d55b4:0x3ffb9170 0x40087c91:0x3ffb91a0




ELF file SHA256: 3a8266bc7ea7bdd0

Rebooting...
ets Jun  8 2016 00:22:57

rst:0xc (SW_CPU_RESET),boot:0x13 (SPI_FAST_FLASH_BOOT)
configsip: 0, SPIWP:0xee
clk_drv:0x00,q_drv:0x00,d_drv:0x00,cs0_drv:0x00,hd_drv:0x00,wp_drv:0x00
mode:DIO, clock div:2
load:0x3fff0030,len:7128
load:0x40078000,len:15624
load:0x40080400,len:4
load:0x40080404,len:3876
entry 0x4008064c
[0;32mI (29) boot: ESP-IDF v5.1.4-335-ge3c4c76b17 2nd stage bootloader[0m
[0;32mI (29) boot: compile time Aug  5 2024 17:40:05[0m
[0;32mI (31) boot: Multicore bootloader[0m
[0;32mI (35) boot: chip revision: v1.0[0m
[0;32mI (39) boot.esp32: SPI Speed      : 40MHz[0m
[0;32mI (43) boot.esp32: SPI Mode       : DIO[0m
[0;32mI (48) boot.esp32: SPI Flash Size : 4MB[0m
[0;32mI (52) boot: Enabling RNG early entropy source...[0m
[0;32mI (58) boot: Partition Table:[0m
[0;32mI (61) boot: ## Label            Usage          Type ST Offset   Length[0m
[0;32mI (69) boot:  0 nvs              WiFi data        01 02 00009000 00006000[0m
[0;32mI (76) boot:  1 phy_init         RF data          01 01 0000f000 00001000[0m
[0;32mI (83) boot:  2 factory          factory app      00 00 00010000 00100000[0m
[0;32mI (91) boot: End of partition table[0m
[0;32mI (95) esp_image: segment 0: paddr=00010020 vaddr=3f400020 size=09464h ( 37988) map[0m
[0;32mI (117) esp_image: segment 1: paddr=0001948c vaddr=3ffb0000 size=02118h (  8472) load[0m
[0;32mI (121) esp_image: segment 2: paddr=0001b5ac vaddr=40080000 size=04a6ch ( 19052) load[0m
[0;32mI (131) esp_image: segment 3: paddr=00020020 vaddr=400d0020 size=14358h ( 82776) map[0m
[0;32mI (162) esp_image: segment 4: paddr=00034380 vaddr=40084a6c size=07630h ( 30256) load[0m
[0;32mI (180) boot: Loaded app from partition at offset 0x10000[0m
[0;32mI (181) boot: Disabling RNG early entropy source...[0m
[0;32mI (192) cpu_start: Multicore app[0m
[0;32mI (192) cpu_start: Pro cpu up.[0m
[0;32mI (193) cpu_start: Starting app cpu, entry point is 0x400810f4[0m
[0;32mI (181) cpu_start: App cpu up.[0m
[0;32mI (210) cpu_start: Pro cpu start user code[0m
[0;32mI (211) cpu_start: cpu freq: 160000000 Hz[0m
[0;32mI (211) cpu_start: Application information:[0m
[0;32mI (215) cpu_start: Project name:     lsa-example-app[0m
[0;32mI (221) cpu_start: App version:      fb4a48e-dirty[0m
[0;32mI (226) cpu_start: Compile time:     Aug  5 2024 17:39:51[0m
[0;32mI (232) cpu_start: ELF file SHA256:  3a8266bc7ea7bdd0...[0m
[0;32mI (238) cpu_start: ESP-IDF:          v5.1.4-335-ge3c4c76b17[0m
